  [1m[35mSQL (0.1ms)[0m  [1m[35mSET search_path TO public /*application='Hospello'*/[0m
  [1m[35m (248.9ms)[0m  [1m[35mCREATE DATABASE "hospello_development" ENCODING = 'unicode' /*application='Hospello'*/[0m
  [1m[35mSQL (0.0ms)[0m  [1m[35mSET search_path TO public /*application='Hospello'*/[0m
  [1m[35m (88.7ms)[0m  [1m[35mCREATE DATABASE "hospello_test" ENCODING = 'unicode' /*application='Hospello'*/[0m
  [1m[35m (0.9ms)[0m  [1m[35mDROP TABLE IF EXISTS "solid_cache_entries" CASCADE /*application='Hospello'*/[0m
  [1m[35m (17.7ms)[0m  [1m[35mCREATE TABLE "solid_cache_entries" ("id" bigserial primary key, "key" bytea NOT NULL, "value" bytea NOT NULL, "created_at" timestamp(6) NOT NULL, "key_hash" bigint NOT NULL, "byte_size" integer NOT NULL) /*application='Hospello'*/[0m
  [1m[35m (1.5ms)[0m  [1m[35mCREATE INDEX "index_solid_cache_entries_on_byte_size" ON "solid_cache_entries" ("byte_size") /*application='Hospello'*/[0m
  [1m[35m (0.9ms)[0m  [1m[35mCREATE INDEX "index_solid_cache_entries_on_key_hash_and_byte_size" ON "solid_cache_entries" ("key_hash", "byte_size") /*application='Hospello'*/[0m
  [1m[35m (0.8ms)[0m  [1m[35mCREATE UNIQUE INDEX "index_solid_cache_entries_on_key_hash" ON "solid_cache_entries" ("key_hash") /*application='Hospello'*/[0m
  [1m[35m (2.5ms)[0m  [1m[35mCREATE TABLE "schema_migrations" ("version" character varying NOT NULL PRIMARY KEY) /*application='Hospello'*/[0m
  [1m[36mActiveRecord::SchemaMigration Load (0.5ms)[0m  [1m[34mSELECT "schema_migrations"."version" FROM "schema_migrations" ORDER BY "schema_migrations"."version" ASC /*application='Hospello'*/[0m
  [1m[35m (1.0ms)[0m  [1m[32mINSERT INTO "schema_migrations" (version) VALUES (1) /*application='Hospello'*/[0m
  [1m[35m (4.0ms)[0m  [1m[35mCREATE TABLE "ar_internal_metadata" ("key" character varying NOT NULL PRIMARY KEY, "value" character varying, "created_at" timestamp(6) NOT NULL, "updated_at" timestamp(6) NOT NULL) /*application='Hospello'*/[0m
  [1m[36mActiveRecord::InternalMetadata Load (2.3ms)[0m  [1m[34mSELECT * FROM "ar_internal_metadata" WHERE "ar_internal_metadata"."key" = 'environment' ORDER BY "ar_internal_metadata"."key" ASC LIMIT 1 /*application='Hospello'*/[0m
  [1m[36mActiveRecord::InternalMetadata Create (1.0ms)[0m  [1m[32mINSERT INTO "ar_internal_metadata" ("key", "value", "created_at", "updated_at") VALUES ('environment', 'development', '2026-08-06 13:54:30.491532', '2026-08-06 13:54:30.491535') RETURNING "key" /*application='Hospello'*/[0m
  [1m[36mActiveRecord::InternalMetadata Load (0.2ms)[0m  [1m[34mSELECT * FROM "ar_internal_metadata" WHERE "ar_internal_metadata"."key" = 'environment' ORDER BY "ar_internal_metadata"."key" ASC LIMIT 1 /*application='Hospello'*/[0m
  [1m[36mActiveRecord::InternalMetadata Load (0.2ms)[0m  [1m[34mSELECT * FROM "ar_internal_metadata" WHERE "ar_internal_metadata"."key" = 'schema_sha1' ORDER BY "ar_internal_metadata"."key" ASC LIMIT 1 /*application='Hospello'*/[0m
  [1m[36mActiveRecord::InternalMetadata Create (0.3ms)[0m  [1m[32mINSERT INTO "ar_internal_metadata" ("key", "value", "created_at", "updated_at") VALUES ('schema_sha1', '5aefcf595bb3486c96dc5f210743d5084a8c6542', '2026-08-06 13:54:30.494611', '2026-08-06 13:54:30.494611') RETURNING "key" /*application='Hospello'*/[0m
  [1m[35m (0.3ms)[0m  [1m[35mDROP TABLE IF EXISTS "solid_cache_entries" CASCADE /*application='Hospello'*/[0m
  [1m[35m (22.1ms)[0m  [1m[35mCREATE TABLE "solid_cache_entries" ("id" bigserial primary key, "key" bytea NOT NULL, "value" bytea NOT NULL, "created_at" timestamp(6) NOT NULL, "key_hash" bigint NOT NULL, "byte_size" integer NOT NULL) /*application='Hospello'*/[0m
  [1m[35m (1.3ms)[0m  [1m[35mCREATE INDEX "index_solid_cache_entries_on_byte_size" ON "solid_cache_entries" ("byte_size") /*application='Hospello'*/[0m
  [1m[35m (0.7ms)[0m  [1m[35mCREATE INDEX "index_solid_cache_entries_on_key_hash_and_byte_size" ON "solid_cache_entries" ("key_hash", "byte_size") /*application='Hospello'*/[0m
  [1m[35m (0.6ms)[0m  [1m[35mCREATE UNIQUE INDEX "index_solid_cache_entries_on_key_hash" ON "solid_cache_entries" ("key_hash") /*application='Hospello'*/[0m
  [1m[35m (3.6ms)[0m  [1m[35mCREATE TABLE "schema_migrations" ("version" character varying NOT NULL PRIMARY KEY) /*application='Hospello'*/[0m
  [1m[36mActiveRecord::SchemaMigration Load (0.2ms)[0m  [1m[34mSELECT "schema_migrations"."version" FROM "schema_migrations" ORDER BY "schema_migrations"."version" ASC /*application='Hospello'*/[0m
  [1m[35m (0.2ms)[0m  [1m[32mINSERT INTO "schema_migrations" (version) VALUES (1) /*application='Hospello'*/[0m
  [1m[35m (1.6ms)[0m  [1m[35mCREATE TABLE "ar_internal_metadata" ("key" character varying NOT NULL PRIMARY KEY, "value" character varying, "created_at" timestamp(6) NOT NULL, "updated_at" timestamp(6) NOT NULL) /*application='Hospello'*/[0m
  [1m[36mActiveRecord::InternalMetadata Load (1.7ms)[0m  [1m[34mSELECT * FROM "ar_internal_metadata" WHERE "ar_internal_metadata"."key" = 'environment' ORDER BY "ar_internal_metadata"."key" ASC LIMIT 1 /*application='Hospello'*/[0m
  [1m[36mActiveRecord::InternalMetadata Create (1.8ms)[0m  [1m[32mINSERT INTO "ar_internal_metadata" ("key", "value", "created_at", "updated_at") VALUES ('environment', 'development', '2026-08-06 13:54:30.614285', '2026-08-06 13:54:30.614289') RETURNING "key" /*application='Hospello'*/[0m
  [1m[36mActiveRecord::InternalMetadata Load (0.1ms)[0m  [1m[34mSELECT * FROM "ar_internal_metadata" WHERE "ar_internal_metadata"."key" = 'environment' ORDER BY "ar_internal_metadata"."key" ASC LIMIT 1 /*application='Hospello'*/[0m
  [1m[36mActiveRecord::InternalMetadata Update (0.2ms)[0m  [1m[33mUPDATE "ar_internal_metadata" SET "value" = 'test', "updated_at" = '2026-08-06 13:54:30.618641' WHERE "ar_internal_metadata"."key" = 'environment' /*application='Hospello'*/[0m
  [1m[36mActiveRecord::InternalMetadata Load (0.1ms)[0m  [1m[34mSELECT * FROM "ar_internal_metadata" WHERE "ar_internal_metadata"."key" = 'schema_sha1' ORDER BY "ar_internal_metadata"."key" ASC LIMIT 1 /*application='Hospello'*/[0m
  [1m[36mActiveRecord::InternalMetadata Create (0.2ms)[0m  [1m[32mINSERT INTO "ar_internal_metadata" ("key", "value", "created_at", "updated_at") VALUES ('schema_sha1', '5aefcf595bb3486c96dc5f210743d5084a8c6542', '2026-08-06 13:54:30.620808', '2026-08-06 13:54:30.620809') RETURNING "key" /*application='Hospello'*/[0m
  [1m[36mActiveRecord::SchemaMigration Load (0.4ms)[0m  [1m[34mSELECT "schema_migrations"."version" FROM "schema_migrations" ORDER BY "schema_migrations"."version" ASC /*application='Hospello'*/[0m
  [1m[36mActiveRecord::SchemaMigration Load (0.3ms)[0m  [1m[34mSELECT "schema_migrations"."version" FROM "schema_migrations" ORDER BY "schema_migrations"."version" ASC /*application='Hospello'*/[0m
  [1m[36mActiveRecord::SchemaMigration Load (0.3ms)[0m  [1m[34mSELECT "schema_migrations"."version" FROM "schema_migrations" ORDER BY "schema_migrations"."version" ASC /*application='Hospello'*/[0m
  [1m[36mActiveRecord::SchemaMigration Load (0.5ms)[0m  [1m[34mSELECT "schema_migrations"."version" FROM "schema_migrations" ORDER BY "schema_migrations"."version" ASC /*application='Hospello'*/[0m
  [1m[36mActiveRecord::SchemaMigration Load (0.3ms)[0m  [1m[34mSELECT "schema_migrations"."version" FROM "schema_migrations" ORDER BY "schema_migrations"."version" ASC /*application='Hospello'*/[0m
  [1m[36mActiveRecord::SchemaMigration Load (0.3ms)[0m  [1m[34mSELECT "schema_migrations"."version" FROM "schema_migrations" ORDER BY "schema_migrations"."version" ASC /*application='Hospello'*/[0m
  [1m[36mActiveRecord::SchemaMigration Load (0.4ms)[0m  [1m[34mSELECT "schema_migrations"."version" FROM "schema_migrations" ORDER BY "schema_migrations"."version" ASC /*application='Hospello'*/[0m
  [1m[36mActiveRecord::SchemaMigration Load (0.3ms)[0m  [1m[34mSELECT "schema_migrations"."version" FROM "schema_migrations" ORDER BY "schema_migrations"."version" ASC /*application='Hospello'*/[0m
